Analysis & Synthesis report for TrabajoIntegrador
Wed Jul 29 23:33:16 2026
Quartus II 64-Bit Version 13.1.0 Build 162 10/23/2013 SJ Web Edition


---------------------
; Table of Contents ;
---------------------
  1. Legal Notice
  2. Analysis & Synthesis Summary
  3. Analysis & Synthesis Settings
  4. Parallel Compilation
  5. Analysis & Synthesis Source Files Read
  6. Analysis & Synthesis Resource Usage Summary
  7. Analysis & Synthesis Resource Utilization by Entity
  8. General Register Statistics
  9. Multiplexer Restructuring Statistics (Restructuring Performed)
 10. Parameter Settings for User Entity Instance: BUSMUX:inst20
 11. Elapsed Time Per Partition
 12. Analysis & Synthesis Messages



----------------
; Legal Notice ;
----------------
Copyright (C) 1991-2013 Altera Corporation
Your use of Altera Corporation's design tools, logic functions 
and other software and tools, and its AMPP partner logic 
functions, and any output files from any of the foregoing 
(including device programming or simulation files), and any 
associated documentation or information are expressly subject 
to the terms and conditions of the Altera Program License 
Subscription Agreement, Altera MegaCore Function License 
Agreement, or other applicable license agreement, including, 
without limitation, that your use is for the sole purpose of 
programming logic devices manufactured by Altera and sold by 
Altera or its authorized distributors.  Please refer to the 
applicable agreement for further details.



+---------------------------------------------------------------------------------+
; Analysis & Synthesis Summary                                                    ;
+------------------------------------+--------------------------------------------+
; Analysis & Synthesis Status        ; Successful - Wed Jul 29 23:33:16 2026      ;
; Quartus II 64-Bit Version          ; 13.1.0 Build 162 10/23/2013 SJ Web Edition ;
; Revision Name                      ; TrabajoIntegrador                          ;
; Top-level Entity Name              ; MAIN                                       ;
; Family                             ; Cyclone IV GX                              ;
; Total logic elements               ; 48                                         ;
;     Total combinational functions  ; 44                                         ;
;     Dedicated logic registers      ; 12                                         ;
; Total registers                    ; 12                                         ;
; Total pins                         ; 26                                         ;
; Total virtual pins                 ; 0                                          ;
; Total memory bits                  ; 0                                          ;
; Embedded Multiplier 9-bit elements ; 0                                          ;
; Total GXB Receiver Channel PCS     ; 0                                          ;
; Total GXB Receiver Channel PMA     ; 0                                          ;
; Total GXB Transmitter Channel PCS  ; 0                                          ;
; Total GXB Transmitter Channel PMA  ; 0                                          ;
; Total PLLs                         ; 0                                          ;
+------------------------------------+--------------------------------------------+


+----------------------------------------------------------------------------------------------------------------------+
; Analysis & Synthesis Settings                                                                                        ;
+----------------------------------------------------------------------------+--------------------+--------------------+
; Option                                                                     ; Setting            ; Default Value      ;
+----------------------------------------------------------------------------+--------------------+--------------------+
; Top-level entity name                                                      ; MAIN               ; TrabajoIntegrador  ;
; Family name                                                                ; Cyclone IV GX      ; Cyclone IV GX      ;
; Use smart compilation                                                      ; Off                ; Off                ;
; Enable parallel Assembler and TimeQuest Timing Analyzer during compilation ; On                 ; On                 ;
; Enable compact report table                                                ; Off                ; Off                ;
; Restructure Multiplexers                                                   ; Auto               ; Auto               ;
; Create Debugging Nodes for IP Cores                                        ; Off                ; Off                ;
; Preserve fewer node names                                                  ; On                 ; On                 ;
; Disable OpenCore Plus hardware evaluation                                  ; Off                ; Off                ;
; Verilog Version                                                            ; Verilog_2001       ; Verilog_2001       ;
; VHDL Version                                                               ; VHDL_1993          ; VHDL_1993          ;
; State Machine Processing                                                   ; Auto               ; Auto               ;
; Safe State Machine                                                         ; Off                ; Off                ;
; Extract Verilog State Machines                                             ; On                 ; On                 ;
; Extract VHDL State Machines                                                ; On                 ; On                 ;
; Ignore Verilog initial constructs                                          ; Off                ; Off                ;
; Iteration limit for constant Verilog loops                                 ; 5000               ; 5000               ;
; Iteration limit for non-constant Verilog loops                             ; 250                ; 250                ;
; Add Pass-Through Logic to Inferred RAMs                                    ; On                 ; On                 ;
; Infer RAMs from Raw Logic                                                  ; On                 ; On                 ;
; Parallel Synthesis                                                         ; On                 ; On                 ;
; DSP Block Balancing                                                        ; Auto               ; Auto               ;
; NOT Gate Push-Back                                                         ; On                 ; On                 ;
; Power-Up Don't Care                                                        ; On                 ; On                 ;
; Remove Redundant Logic Cells                                               ; Off                ; Off                ;
; Remove Duplicate Registers                                                 ; On                 ; On                 ;
; Ignore CARRY Buffers                                                       ; Off                ; Off                ;
; Ignore CASCADE Buffers                                                     ; Off                ; Off                ;
; Ignore GLOBAL Buffers                                                      ; Off                ; Off                ;
; Ignore ROW GLOBAL Buffers                                                  ; Off                ; Off                ;
; Ignore LCELL Buffers                                                       ; Off                ; Off                ;
; Ignore SOFT Buffers                                                        ; On                 ; On                 ;
; Limit AHDL Integers to 32 Bits                                             ; Off                ; Off                ;
; Optimization Technique                                                     ; Balanced           ; Balanced           ;
; Carry Chain Length                                                         ; 70                 ; 70                 ;
; Auto Carry Chains                                                          ; On                 ; On                 ;
; Auto Open-Drain Pins                                                       ; On                 ; On                 ;
; Perform WYSIWYG Primitive Resynthesis                                      ; Off                ; Off                ;
; Auto ROM Replacement                                                       ; On                 ; On                 ;
; Auto RAM Replacement                                                       ; On                 ; On                 ;
; Auto DSP Block Replacement                                                 ; On                 ; On                 ;
; Auto Shift Register Replacement                                            ; Auto               ; Auto               ;
; Allow Shift Register Merging across Hierarchies                            ; Auto               ; Auto               ;
; Auto Clock Enable Replacement                                              ; On                 ; On                 ;
; Strict RAM Replacement                                                     ; Off                ; Off                ;
; Allow Synchronous Control Signals                                          ; On                 ; On                 ;
; Force Use of Synchronous Clear Signals                                     ; Off                ; Off                ;
; Auto RAM Block Balancing                                                   ; On                 ; On                 ;
; Auto RAM to Logic Cell Conversion                                          ; Off                ; Off                ;
; Auto Resource Sharing                                                      ; Off                ; Off                ;
; Allow Any RAM Size For Recognition                                         ; Off                ; Off                ;
; Allow Any ROM Size For Recognition                                         ; Off                ; Off                ;
; Allow Any Shift Register Size For Recognition                              ; Off                ; Off                ;
; Use LogicLock Constraints during Resource Balancing                        ; On                 ; On                 ;
; Ignore translate_off and synthesis_off directives                          ; Off                ; Off                ;
; Timing-Driven Synthesis                                                    ; On                 ; On                 ;
; Report Parameter Settings                                                  ; On                 ; On                 ;
; Report Source Assignments                                                  ; On                 ; On                 ;
; Report Connectivity Checks                                                 ; On                 ; On                 ;
; Ignore Maximum Fan-Out Assignments                                         ; Off                ; Off                ;
; Synchronization Register Chain Length                                      ; 2                  ; 2                  ;
; PowerPlay Power Optimization                                               ; Normal compilation ; Normal compilation ;
; HDL message level                                                          ; Level2             ; Level2             ;
; Suppress Register Optimization Related Messages                            ; Off                ; Off                ;
; Number of Removed Registers Reported in Synthesis Report                   ; 5000               ; 5000               ;
; Number of Swept Nodes Reported in Synthesis Report                         ; 5000               ; 5000               ;
; Number of Inverted Registers Reported in Synthesis Report                  ; 100                ; 100                ;
; Clock MUX Protection                                                       ; On                 ; On                 ;
; Auto Gated Clock Conversion                                                ; Off                ; Off                ;
; Block Design Naming                                                        ; Auto               ; Auto               ;
; SDC constraint protection                                                  ; Off                ; Off                ;
; Synthesis Effort                                                           ; Auto               ; Auto               ;
; Shift Register Replacement - Allow Asynchronous Clear Signal               ; On                 ; On                 ;
; Pre-Mapping Resynthesis Optimization                                       ; Off                ; Off                ;
; Analysis & Synthesis Message Level                                         ; Medium             ; Medium             ;
; Disable Register Merging Across Hierarchies                                ; Auto               ; Auto               ;
; Resource Aware Inference For Block RAM                                     ; On                 ; On                 ;
; Synthesis Seed                                                             ; 1                  ; 1                  ;
+----------------------------------------------------------------------------+--------------------+--------------------+


Parallel compilation was disabled, but you have multiple processors available. Enable parallel compilation to reduce compilation time.
+-------------------------------------+
; Parallel Compilation                ;
+----------------------------+--------+
; Processors                 ; Number ;
+----------------------------+--------+
; Number detected on machine ; 12     ;
; Maximum allowed            ; 1      ;
+----------------------------+--------+


+------------------------------------------------------------------------------------------------------------------------------------------------------------------------+
; Analysis & Synthesis Source Files Read                                                                                                                                 ;
+----------------------------------+-----------------+------------------------------------+--------------------------------------------------------------------+---------+
; File Name with User-Entered Path ; Used in Netlist ; File Type                          ; File Name with Absolute Path                                       ; Library ;
+----------------------------------+-----------------+------------------------------------+--------------------------------------------------------------------+---------+
; REG4_ASR.bdf                     ; yes             ; User Block Diagram/Schematic File  ; C:/altera/13.1/TI/REG4_ASR.bdf                                     ;         ;
; REG4.bdf                         ; yes             ; User Block Diagram/Schematic File  ; C:/altera/13.1/TI/REG4.bdf                                         ;         ;
; MUX2x1.bdf                       ; yes             ; User Block Diagram/Schematic File  ; C:/altera/13.1/TI/MUX2x1.bdf                                       ;         ;
; Decodificador.bdf                ; yes             ; User Block Diagram/Schematic File  ; C:/altera/13.1/TI/Decodificador.bdf                                ;         ;
; SUM4_FLAGS.bdf                   ; yes             ; User Block Diagram/Schematic File  ; C:/altera/13.1/TI/SUM4_FLAGS.bdf                                   ;         ;
; SUM1.bdf                         ; yes             ; User Block Diagram/Schematic File  ; C:/altera/13.1/TI/SUM1.bdf                                         ;         ;
; MAIN.bdf                         ; yes             ; User Block Diagram/Schematic File  ; C:/altera/13.1/TI/MAIN.bdf                                         ;         ;
; SUM_REST4.bdf                    ; yes             ; User Block Diagram/Schematic File  ; C:/altera/13.1/TI/SUM_REST4.bdf                                    ;         ;
; NOT_4.bdf                        ; yes             ; User Block Diagram/Schematic File  ; C:/altera/13.1/TI/NOT_4.bdf                                        ;         ;
; AND_4.bdf                        ; yes             ; User Block Diagram/Schematic File  ; C:/altera/13.1/TI/AND_4.bdf                                        ;         ;
; OR_4.bdf                         ; yes             ; User Block Diagram/Schematic File  ; C:/altera/13.1/TI/OR_4.bdf                                         ;         ;
; FLAGS_Z-N.bdf                    ; yes             ; User Block Diagram/Schematic File  ; C:/altera/13.1/TI/FLAGS_Z-N.bdf                                    ;         ;
; busmux.tdf                       ; yes             ; Megafunction                       ; c:/altera/13.1/entregable-2/libraries/megafunctions/busmux.tdf     ;         ;
; lpm_mux.inc                      ; yes             ; Megafunction                       ; c:/altera/13.1/entregable-2/libraries/megafunctions/lpm_mux.inc    ;         ;
; lpm_mux.tdf                      ; yes             ; Megafunction                       ; c:/altera/13.1/entregable-2/libraries/megafunctions/lpm_mux.tdf    ;         ;
; aglobal131.inc                   ; yes             ; Megafunction                       ; c:/altera/13.1/entregable-2/libraries/megafunctions/aglobal131.inc ;         ;
; muxlut.inc                       ; yes             ; Megafunction                       ; c:/altera/13.1/entregable-2/libraries/megafunctions/muxlut.inc     ;         ;
; bypassff.inc                     ; yes             ; Megafunction                       ; c:/altera/13.1/entregable-2/libraries/megafunctions/bypassff.inc   ;         ;
; altshift.inc                     ; yes             ; Megafunction                       ; c:/altera/13.1/entregable-2/libraries/megafunctions/altshift.inc   ;         ;
; db/mux_4vc.tdf                   ; yes             ; Auto-Generated Megafunction        ; C:/altera/13.1/TI/db/mux_4vc.tdf                                   ;         ;
+----------------------------------+-----------------+------------------------------------+--------------------------------------------------------------------+---------+


+---------------------------------------------+
; Analysis & Synthesis Resource Usage Summary ;
+--------------------------+------------------+
; Resource                 ; Usage            ;
+--------------------------+------------------+
; I/O pins                 ; 26               ;
; DSP block 9-bit elements ; 0                ;
; Maximum fan-out node     ; I[2]~input       ;
; Maximum fan-out          ; 20               ;
; Total fan-out            ; 241              ;
; Average fan-out          ; 2.23             ;
+--------------------------+------------------+


+------------------------------------------------------------------------------------------------------------------------------------------------------------------------------------------------------------------------+
; Analysis & Synthesis Resource Utilization by Entity                                                                                                                                                                    ;
+----------------------------+-------------------+--------------+-------------+--------------+---------+-----------+-----------+------+--------------+----------------------------------------------------+--------------+
; Compilation Hierarchy Node ; LC Combinationals ; LC Registers ; Memory Bits ; DSP Elements ; DSP 9x9 ; DSP 18x18 ; DSP 36x36 ; Pins ; Virtual Pins ; Full Hierarchy Name                                ; Library Name ;
+----------------------------+-------------------+--------------+-------------+--------------+---------+-----------+-----------+------+--------------+----------------------------------------------------+--------------+
; |MAIN                      ; 44 (6)            ; 12 (0)       ; 0           ; 0            ; 0       ; 0         ; 0         ; 26   ; 0            ; |MAIN                                              ; work         ;
;    |AND_4:inst9|           ; 15 (15)           ; 0 (0)        ; 0           ; 0            ; 0       ; 0         ; 0         ; 0    ; 0            ; |MAIN|AND_4:inst9                                  ; work         ;
;    |Decodificador:inst|    ; 3 (3)             ; 0 (0)        ; 0           ; 0            ; 0       ; 0         ; 0         ; 0    ; 0            ; |MAIN|Decodificador:inst                           ; work         ;
;    |FLAGS_Z-N:inst15|      ; 1 (1)             ; 0 (0)        ; 0           ; 0            ; 0       ; 0         ; 0         ; 0    ; 0            ; |MAIN|FLAGS_Z-N:inst15                             ; work         ;
;    |NOT_4:inst8|           ; 3 (3)             ; 0 (0)        ; 0           ; 0            ; 0       ; 0         ; 0         ; 0    ; 0            ; |MAIN|NOT_4:inst8                                  ; work         ;
;    |REG4:inst1|            ; 0 (0)             ; 4 (4)        ; 0           ; 0            ; 0       ; 0         ; 0         ; 0    ; 0            ; |MAIN|REG4:inst1                                   ; work         ;
;    |REG4:inst3|            ; 0 (0)             ; 4 (4)        ; 0           ; 0            ; 0       ; 0         ; 0         ; 0    ; 0            ; |MAIN|REG4:inst3                                   ; work         ;
;    |REG4_ASR:inst5|        ; 6 (6)             ; 4 (4)        ; 0           ; 0            ; 0       ; 0         ; 0         ; 0    ; 0            ; |MAIN|REG4_ASR:inst5                               ; work         ;
;    |SUM_REST4:sumador|     ; 10 (1)            ; 0 (0)        ; 0           ; 0            ; 0       ; 0         ; 0         ; 0    ; 0            ; |MAIN|SUM_REST4:sumador                            ; work         ;
;       |SUM4_FLAGS:inst|    ; 9 (1)             ; 0 (0)        ; 0           ; 0            ; 0       ; 0         ; 0         ; 0    ; 0            ; |MAIN|SUM_REST4:sumador|SUM4_FLAGS:inst            ; work         ;
;          |SUM1:inst6|      ; 2 (2)             ; 0 (0)        ; 0           ; 0            ; 0       ; 0         ; 0         ; 0    ; 0            ; |MAIN|SUM_REST4:sumador|SUM4_FLAGS:inst|SUM1:inst6 ; work         ;
;          |SUM1:inst7|      ; 2 (2)             ; 0 (0)        ; 0           ; 0            ; 0       ; 0         ; 0         ; 0    ; 0            ; |MAIN|SUM_REST4:sumador|SUM4_FLAGS:inst|SUM1:inst7 ; work         ;
;          |SUM1:inst8|      ; 2 (2)             ; 0 (0)        ; 0           ; 0            ; 0       ; 0         ; 0         ; 0    ; 0            ; |MAIN|SUM_REST4:sumador|SUM4_FLAGS:inst|SUM1:inst8 ; work         ;
;          |SUM1:inst|       ; 2 (2)             ; 0 (0)        ; 0           ; 0            ; 0       ; 0         ; 0         ; 0    ; 0            ; |MAIN|SUM_REST4:sumador|SUM4_FLAGS:inst|SUM1:inst  ; work         ;
+----------------------------+-------------------+--------------+-------------+--------------+---------+-----------+-----------+------+--------------+----------------------------------------------------+--------------+
Note: For table entries with two numbers listed, the numbers in parentheses indicate the number of resources of the given type used by the specific entity alone. The numbers listed outside of parentheses indicate the total resources of the given type used by the specific entity and all of its sub-entities in the hierarchy.


+------------------------------------------------------+
; General Register Statistics                          ;
+----------------------------------------------+-------+
; Statistic                                    ; Value ;
+----------------------------------------------+-------+
; Total registers                              ; 12    ;
; Number of registers using Synchronous Clear  ; 0     ;
; Number of registers using Synchronous Load   ; 4     ;
; Number of registers using Asynchronous Clear ; 0     ;
; Number of registers using Asynchronous Load  ; 0     ;
; Number of registers using Clock Enable       ; 8     ;
; Number of registers using Preset             ; 0     ;
+----------------------------------------------+-------+


+------------------------------------------------------------------------------------------------------------------------------------------+
; Multiplexer Restructuring Statistics (Restructuring Performed)                                                                           ;
+--------------------+-----------+---------------+----------------------+------------------------+------------+----------------------------+
; Multiplexer Inputs ; Bus Width ; Baseline Area ; Area if Restructured ; Saving if Restructured ; Registered ; Example Multiplexer Output ;
+--------------------+-----------+---------------+----------------------+------------------------+------------+----------------------------+
; 3:1                ; 3 bits    ; 6 LEs         ; 6 LEs                ; 0 LEs                  ; Yes        ; |MAIN|REG4_ASR:inst5|inst2 ;
+--------------------+-----------+---------------+----------------------+------------------------+------------+----------------------------+


+------------------------------------------------------------+
; Parameter Settings for User Entity Instance: BUSMUX:inst20 ;
+----------------+-------+-----------------------------------+
; Parameter Name ; Value ; Type                              ;
+----------------+-------+-----------------------------------+
; WIDTH          ; 4     ; Untyped                           ;
+----------------+-------+-----------------------------------+
Note: In order to hide this table in the UI and the text report file, please set the "Show Parameter Settings in Synthesis Report" option in "Analysis and Synthesis Settings -> More Settings" to "Off".


+-------------------------------+
; Elapsed Time Per Partition    ;
+----------------+--------------+
; Partition Name ; Elapsed Time ;
+----------------+--------------+
; Top            ; 00:00:00     ;
+----------------+--------------+


+-------------------------------+
; Analysis & Synthesis Messages ;
+-------------------------------+
Info: *******************************************************************
Info: Running Quartus II 64-Bit Analysis & Synthesis
    Info: Version 13.1.0 Build 162 10/23/2013 SJ Web Edition
    Info: Processing started: Wed Jul 29 23:33:14 2026
Info: Command: quartus_map --read_settings_files=on --write_settings_files=off TrabajoIntegrador -c TrabajoIntegrador
Warning (20028): Parallel compilation is not licensed and has been disabled
Info (12021): Found 1 design units, including 1 entities, in source file reg4_asr.bdf
    Info (12023): Found entity 1: REG4_ASR
Info (12021): Found 1 design units, including 1 entities, in source file reg4.bdf
    Info (12023): Found entity 1: REG4
Info (12021): Found 1 design units, including 1 entities, in source file mux2x1.bdf
    Info (12023): Found entity 1: MUX2x1
Info (12021): Found 1 design units, including 1 entities, in source file decodificador.bdf
    Info (12023): Found entity 1: Decodificador
Info (12021): Found 1 design units, including 1 entities, in source file sum4_flags.bdf
    Info (12023): Found entity 1: SUM4_FLAGS
Info (12021): Found 1 design units, including 1 entities, in source file sum1.bdf
    Info (12023): Found entity 1: SUM1
Info (12021): Found 1 design units, including 1 entities, in source file main.bdf
    Info (12023): Found entity 1: MAIN
Info (12021): Found 1 design units, including 1 entities, in source file sum_rest4.bdf
    Info (12023): Found entity 1: SUM_REST4
Info (12021): Found 1 design units, including 1 entities, in source file not_4.bdf
    Info (12023): Found entity 1: NOT_4
Info (12021): Found 1 design units, including 1 entities, in source file and_4.bdf
    Info (12023): Found entity 1: AND_4
Info (12021): Found 1 design units, including 1 entities, in source file or_4.bdf
    Info (12023): Found entity 1: OR_4
Info (12021): Found 1 design units, including 1 entities, in source file flags_z-n.bdf
    Info (12023): Found entity 1: FLAGS_Z-N
Info (12127): Elaborating entity "MAIN" for the top level hierarchy
Info (12128): Elaborating entity "REG4_ASR" for hierarchy "REG4_ASR:inst5"
Info (12128): Elaborating entity "MUX2x1" for hierarchy "REG4_ASR:inst5|MUX2x1:inst8"
Info (12128): Elaborating entity "Decodificador" for hierarchy "Decodificador:inst"
Info (12128): Elaborating entity "BUSMUX" for hierarchy "BUSMUX:inst20"
Info (12130): Elaborated megafunction instantiation "BUSMUX:inst20"
Info (12133): Instantiated megafunction "BUSMUX:inst20" with the following parameter:
    Info (12134): Parameter "WIDTH" = "4"
Info (12128): Elaborating entity "lpm_mux" for hierarchy "BUSMUX:inst20|lpm_mux:$00000"
Info (12131): Elaborated megafunction instantiation "BUSMUX:inst20|lpm_mux:$00000", which is child of megafunction instantiation "BUSMUX:inst20"
Info (12021): Found 1 design units, including 1 entities, in source file db/mux_4vc.tdf
    Info (12023): Found entity 1: mux_4vc
Info (12128): Elaborating entity "mux_4vc" for hierarchy "BUSMUX:inst20|lpm_mux:$00000|mux_4vc:auto_generated"
Info (12128): Elaborating entity "AND_4" for hierarchy "AND_4:inst9"
Info (12128): Elaborating entity "REG4" for hierarchy "REG4:inst3"
Info (12128): Elaborating entity "OR_4" for hierarchy "OR_4:inst10"
Info (12128): Elaborating entity "NOT_4" for hierarchy "NOT_4:inst8"
Info (12128): Elaborating entity "SUM_REST4" for hierarchy "SUM_REST4:sumador"
Info (12128): Elaborating entity "SUM4_FLAGS" for hierarchy "SUM_REST4:sumador|SUM4_FLAGS:inst"
Info (12128): Elaborating entity "SUM1" for hierarchy "SUM_REST4:sumador|SUM4_FLAGS:inst|SUM1:inst8"
Info (12128): Elaborating entity "FLAGS_Z-N" for hierarchy "FLAGS_Z-N:inst15"
Warning (13046): Tri-state node(s) do not directly drive top-level pin(s)
    Warning (13049): Converted tri-state buffer "SUM_REST4:sumador|inst4" feeding internal logic into a wire
    Warning (13049): Converted tri-state buffer "SUM_REST4:sumador|inst5" feeding internal logic into a wire
    Warning (13049): Converted tri-state buffer "REG4:inst3|inst4" feeding internal logic into a wire
    Warning (13049): Converted tri-state buffer "REG4:inst3|inst5" feeding internal logic into a wire
    Warning (13049): Converted tri-state buffer "REG4:inst3|inst6" feeding internal logic into a wire
    Warning (13049): Converted tri-state buffer "REG4:inst3|inst7" feeding internal logic into a wire
Warning (13044): Always-enabled tri-state buffer(s) removed
    Warning (13045): Converted the fanout from the always-enabled tri-state buffer "REG4:inst1|inst7" to the node "FLAGS[3]" into a wire
    Warning (13045): Converted the fanout from the always-enabled tri-state buffer "REG4:inst1|inst6" to the node "FLAGS[2]" into a wire
    Warning (13045): Converted the fanout from the always-enabled tri-state buffer "REG4:inst1|inst5" to the node "FLAGS[1]" into a wire
    Warning (13045): Converted the fanout from the always-enabled tri-state buffer "REG4:inst1|inst4" to the node "FLAGS[0]" into a wire
    Warning (13045): Converted the fanout from the always-enabled tri-state buffer "REG4_ASR:inst5|inst7" to the node "AC[3]" into a wire
    Warning (13045): Converted the fanout from the always-enabled tri-state buffer "REG4_ASR:inst5|inst6" to the node "AC[2]" into a wire
    Warning (13045): Converted the fanout from the always-enabled tri-state buffer "REG4_ASR:inst5|inst5" to the node "AC[1]" into a wire
    Warning (13045): Converted the fanout from the always-enabled tri-state buffer "REG4_ASR:inst5|inst4" to the node "AC[0]" into a wire
Warning (13046): Tri-state node(s) do not directly drive top-level pin(s)
    Warning (13047): Converted the fan-out from the tri-state buffer "REG4_ASR:inst5|inst7" to the node "NOT_4:inst8|inst2[3]" into an OR gate
    Warning (13047): Converted the fan-out from the tri-state buffer "REG4_ASR:inst5|inst6" to the node "NOT_4:inst8|inst2[2]" into an OR gate
    Warning (13047): Converted the fan-out from the tri-state buffer "REG4_ASR:inst5|inst5" to the node "NOT_4:inst8|inst2[1]" into an OR gate
    Warning (13047): Converted the fan-out from the tri-state buffer "REG4_ASR:inst5|inst4" to the node "NOT_4:inst8|inst2[0]" into an OR gate
    Warning (13047): Converted the fan-out from the tri-state buffer "REG4_ASR:inst5|inst7" to the node "AND_4:inst9|inst[3]" into an OR gate
    Warning (13047): Converted the fan-out from the tri-state buffer "REG4_ASR:inst5|inst6" to the node "AND_4:inst9|inst[2]" into an OR gate
    Warning (13047): Converted the fan-out from the tri-state buffer "REG4_ASR:inst5|inst5" to the node "AND_4:inst9|inst[1]" into an OR gate
    Warning (13047): Converted the fan-out from the tri-state buffer "REG4_ASR:inst5|inst4" to the node "AND_4:inst9|inst[0]" into an OR gate
Warning (13046): Tri-state node(s) do not directly drive top-level pin(s)
    Warning (13047): Converted the fan-out from the tri-state buffer "AND_4:inst9|inst2[3]" to the node "FLAGS_Z-N:inst15|inst" into an OR gate
    Warning (13047): Converted the fan-out from the tri-state buffer "AND_4:inst9|inst2[2]" to the node "FLAGS_Z-N:inst15|inst" into an OR gate
    Warning (13047): Converted the fan-out from the tri-state buffer "AND_4:inst9|inst2[1]" to the node "FLAGS_Z-N:inst15|inst" into an OR gate
    Warning (13047): Converted the fan-out from the tri-state buffer "AND_4:inst9|inst2[0]" to the node "FLAGS_Z-N:inst15|inst" into an OR gate
Info (286030): Timing-Driven Synthesis is running
Info (16010): Generating hard_block partition "hard_block:auto_generated_inst"
    Info (16011): Adding 0 node(s), including 0 DDIO, 0 PLL, 0 transceiver and 0 LCELL
Info (21057): Implemented 74 device resources after synthesis - the final resource count might be different
    Info (21058): Implemented 14 input pins
    Info (21059): Implemented 12 output pins
    Info (21061): Implemented 48 logic cells
Info: Quartus II 64-Bit Analysis & Synthesis was successful. 0 errors, 31 warnings
    Info: Peak virtual memory: 4672 megabytes
    Info: Processing ended: Wed Jul 29 23:33:17 2026
    Info: Elapsed time: 00:00:03
    Info: Total CPU time (on all processors): 00:00:03


